
code.elf:     file format elf32-avr


Disassembly of section .text:

00000000 <__vectors>:
   0:	0c 94 34 00 	jmp	0x68	; 0x68 <__ctors_end>
   4:	0c 94 51 00 	jmp	0xa2	; 0xa2 <__bad_interrupt>
   8:	0c 94 51 00 	jmp	0xa2	; 0xa2 <__bad_interrupt>
   c:	0c 94 51 00 	jmp	0xa2	; 0xa2 <__bad_interrupt>
  10:	0c 94 51 00 	jmp	0xa2	; 0xa2 <__bad_interrupt>
  14:	0c 94 51 00 	jmp	0xa2	; 0xa2 <__bad_interrupt>
  18:	0c 94 51 00 	jmp	0xa2	; 0xa2 <__bad_interrupt>
  1c:	0c 94 51 00 	jmp	0xa2	; 0xa2 <__bad_interrupt>
  20:	0c 94 51 00 	jmp	0xa2	; 0xa2 <__bad_interrupt>
  24:	0c 94 51 00 	jmp	0xa2	; 0xa2 <__bad_interrupt>
  28:	0c 94 51 00 	jmp	0xa2	; 0xa2 <__bad_interrupt>
  2c:	0c 94 51 00 	jmp	0xa2	; 0xa2 <__bad_interrupt>
  30:	0c 94 51 00 	jmp	0xa2	; 0xa2 <__bad_interrupt>
  34:	0c 94 51 00 	jmp	0xa2	; 0xa2 <__bad_interrupt>
  38:	0c 94 51 00 	jmp	0xa2	; 0xa2 <__bad_interrupt>
  3c:	0c 94 51 00 	jmp	0xa2	; 0xa2 <__bad_interrupt>
  40:	0c 94 51 00 	jmp	0xa2	; 0xa2 <__bad_interrupt>
  44:	0c 94 51 00 	jmp	0xa2	; 0xa2 <__bad_interrupt>
  48:	0c 94 51 00 	jmp	0xa2	; 0xa2 <__bad_interrupt>
  4c:	0c 94 51 00 	jmp	0xa2	; 0xa2 <__bad_interrupt>
  50:	0c 94 51 00 	jmp	0xa2	; 0xa2 <__bad_interrupt>
  54:	0c 94 51 00 	jmp	0xa2	; 0xa2 <__bad_interrupt>
  58:	0c 94 51 00 	jmp	0xa2	; 0xa2 <__bad_interrupt>
  5c:	0c 94 51 00 	jmp	0xa2	; 0xa2 <__bad_interrupt>
  60:	0c 94 51 00 	jmp	0xa2	; 0xa2 <__bad_interrupt>
  64:	0c 94 51 00 	jmp	0xa2	; 0xa2 <__bad_interrupt>

00000068 <__ctors_end>:
  68:	11 24       	eor	r1, r1
  6a:	1f be       	out	0x3f, r1	; 63
  6c:	cf ef       	ldi	r28, 0xFF	; 255
  6e:	d8 e0       	ldi	r29, 0x08	; 8
  70:	de bf       	out	0x3e, r29	; 62
  72:	cd bf       	out	0x3d, r28	; 61

00000074 <__do_copy_data>:
  74:	11 e0       	ldi	r17, 0x01	; 1
  76:	a0 e0       	ldi	r26, 0x00	; 0
  78:	b1 e0       	ldi	r27, 0x01	; 1
  7a:	e2 e3       	ldi	r30, 0x32	; 50
  7c:	fd e0       	ldi	r31, 0x0D	; 13
  7e:	02 c0       	rjmp	.+4      	; 0x84 <__do_copy_data+0x10>
  80:	05 90       	lpm	r0, Z+
  82:	0d 92       	st	X+, r0
  84:	aa 36       	cpi	r26, 0x6A	; 106
  86:	b1 07       	cpc	r27, r17
  88:	d9 f7       	brne	.-10     	; 0x80 <__do_copy_data+0xc>

0000008a <__do_clear_bss>:
  8a:	21 e0       	ldi	r18, 0x01	; 1
  8c:	aa e6       	ldi	r26, 0x6A	; 106
  8e:	b1 e0       	ldi	r27, 0x01	; 1
  90:	01 c0       	rjmp	.+2      	; 0x94 <.do_clear_bss_start>

00000092 <.do_clear_bss_loop>:
  92:	1d 92       	st	X+, r1

00000094 <.do_clear_bss_start>:
  94:	ad 37       	cpi	r26, 0x7D	; 125
  96:	b2 07       	cpc	r27, r18
  98:	e1 f7       	brne	.-8      	; 0x92 <.do_clear_bss_loop>
  9a:	0e 94 6e 04 	call	0x8dc	; 0x8dc <main>
  9e:	0c 94 8e 06 	jmp	0xd1c	; 0xd1c <_exit>

000000a2 <__bad_interrupt>:
  a2:	0c 94 00 00 	jmp	0	; 0x0 <__vectors>

000000a6 <scan_keypad>:
  a6:	cf 93       	push	r28
  a8:	df 93       	push	r29
  aa:	cd b7       	in	r28, 0x3d	; 61
  ac:	de b7       	in	r29, 0x3e	; 62
  ae:	2c 97       	sbiw	r28, 0x0c	; 12
  b0:	0f b6       	in	r0, 0x3f	; 63
  b2:	f8 94       	cli
  b4:	de bf       	out	0x3e, r29	; 62
  b6:	0f be       	out	0x3f, r0	; 63
  b8:	cd bf       	out	0x3d, r28	; 61
  ba:	8c e0       	ldi	r24, 0x0C	; 12
  bc:	e0 e0       	ldi	r30, 0x00	; 0
  be:	f1 e0       	ldi	r31, 0x01	; 1
  c0:	de 01       	movw	r26, r28
  c2:	11 96       	adiw	r26, 0x01	; 1
  c4:	01 90       	ld	r0, Z+
  c6:	0d 92       	st	X+, r0
  c8:	8a 95       	dec	r24
  ca:	e1 f7       	brne	.-8      	; 0xc4 <scan_keypad+0x1e>
  cc:	80 e0       	ldi	r24, 0x00	; 0
  ce:	e1 e0       	ldi	r30, 0x01	; 1
  d0:	f0 e0       	ldi	r31, 0x00	; 0
  d2:	82 30       	cpi	r24, 0x02	; 2
  d4:	e9 f5       	brne	.+122    	; 0x150 <scan_keypad+0xaa>
  d6:	5d 9a       	sbi	0x0b, 5	; 11
  d8:	50 e0       	ldi	r21, 0x00	; 0
  da:	40 e0       	ldi	r20, 0x00	; 0
  dc:	24 2f       	mov	r18, r20
  de:	69 b1       	in	r22, 0x09	; 9
  e0:	70 e0       	ldi	r23, 0x00	; 0
  e2:	04 2e       	mov	r0, r20
  e4:	02 c0       	rjmp	.+4      	; 0xea <scan_keypad+0x44>
  e6:	75 95       	asr	r23
  e8:	67 95       	ror	r22
  ea:	0a 94       	dec	r0
  ec:	e2 f7       	brpl	.-8      	; 0xe6 <scan_keypad+0x40>
  ee:	60 ff       	sbrs	r22, 0
  f0:	35 c0       	rjmp	.+106    	; 0x15c <scan_keypad+0xb6>
  f2:	af e1       	ldi	r26, 0x1F	; 31
  f4:	be e4       	ldi	r27, 0x4E	; 78
  f6:	11 97       	sbiw	r26, 0x01	; 1
  f8:	f1 f7       	brne	.-4      	; 0xf6 <scan_keypad+0x50>
  fa:	00 c0       	rjmp	.+0      	; 0xfc <scan_keypad+0x56>
  fc:	00 00       	nop
  fe:	bf 01       	movw	r22, r30
 100:	02 c0       	rjmp	.+4      	; 0x106 <scan_keypad+0x60>
 102:	66 0f       	add	r22, r22
 104:	77 1f       	adc	r23, r23
 106:	4a 95       	dec	r20
 108:	e2 f7       	brpl	.-8      	; 0x102 <scan_keypad+0x5c>
 10a:	49 b1       	in	r20, 0x09	; 9
 10c:	50 e0       	ldi	r21, 0x00	; 0
 10e:	46 23       	and	r20, r22
 110:	57 23       	and	r21, r23
 112:	45 2b       	or	r20, r21
 114:	d1 f7       	brne	.-12     	; 0x10a <scan_keypad+0x64>
 116:	9b b1       	in	r25, 0x0b	; 11
 118:	9f 71       	andi	r25, 0x1F	; 31
 11a:	9b b9       	out	0x0b, r25	; 11
 11c:	24 30       	cpi	r18, 0x04	; 4
 11e:	31 f1       	breq	.+76     	; 0x16c <scan_keypad+0xc6>
 120:	30 e0       	ldi	r19, 0x00	; 0
 122:	f9 01       	movw	r30, r18
 124:	ee 0f       	add	r30, r30
 126:	ff 1f       	adc	r31, r31
 128:	e2 0f       	add	r30, r18
 12a:	f3 1f       	adc	r31, r19
 12c:	21 e0       	ldi	r18, 0x01	; 1
 12e:	30 e0       	ldi	r19, 0x00	; 0
 130:	2c 0f       	add	r18, r28
 132:	3d 1f       	adc	r19, r29
 134:	e2 0f       	add	r30, r18
 136:	f3 1f       	adc	r31, r19
 138:	e8 0f       	add	r30, r24
 13a:	f1 1d       	adc	r31, r1
 13c:	80 81       	ld	r24, Z
 13e:	2c 96       	adiw	r28, 0x0c	; 12
 140:	0f b6       	in	r0, 0x3f	; 63
 142:	f8 94       	cli
 144:	de bf       	out	0x3e, r29	; 62
 146:	0f be       	out	0x3f, r0	; 63
 148:	cd bf       	out	0x3d, r28	; 61
 14a:	df 91       	pop	r29
 14c:	cf 91       	pop	r28
 14e:	08 95       	ret
 150:	81 30       	cpi	r24, 0x01	; 1
 152:	11 f4       	brne	.+4      	; 0x158 <scan_keypad+0xb2>
 154:	5e 9a       	sbi	0x0b, 6	; 11
 156:	c0 cf       	rjmp	.-128    	; 0xd8 <scan_keypad+0x32>
 158:	5f 9a       	sbi	0x0b, 7	; 11
 15a:	be cf       	rjmp	.-132    	; 0xd8 <scan_keypad+0x32>
 15c:	4f 5f       	subi	r20, 0xFF	; 255
 15e:	5f 4f       	sbci	r21, 0xFF	; 255
 160:	44 30       	cpi	r20, 0x04	; 4
 162:	51 05       	cpc	r21, r1
 164:	09 f0       	breq	.+2      	; 0x168 <scan_keypad+0xc2>
 166:	ba cf       	rjmp	.-140    	; 0xdc <scan_keypad+0x36>
 168:	24 e0       	ldi	r18, 0x04	; 4
 16a:	d5 cf       	rjmp	.-86     	; 0x116 <scan_keypad+0x70>
 16c:	8f 5f       	subi	r24, 0xFF	; 255
 16e:	83 30       	cpi	r24, 0x03	; 3
 170:	09 f0       	breq	.+2      	; 0x174 <scan_keypad+0xce>
 172:	af cf       	rjmp	.-162    	; 0xd2 <scan_keypad+0x2c>
 174:	80 e0       	ldi	r24, 0x00	; 0
 176:	e3 cf       	rjmp	.-58     	; 0x13e <scan_keypad+0x98>

00000178 <printInConsole>:
 178:	86 0f       	add	r24, r22
 17a:	97 1f       	adc	r25, r23
 17c:	dc 01       	movw	r26, r24
 17e:	ec 91       	ld	r30, X
 180:	e1 30       	cpi	r30, 0x01	; 1
 182:	81 f0       	breq	.+32     	; 0x1a4 <printInConsole+0x2c>
 184:	80 ed       	ldi	r24, 0xD0	; 208
 186:	8e 0f       	add	r24, r30
 188:	8a 30       	cpi	r24, 0x0A	; 10
 18a:	40 f5       	brcc	.+80     	; 0x1dc <printInConsole+0x64>
 18c:	e1 53       	subi	r30, 0x31	; 49
 18e:	8e e1       	ldi	r24, 0x1E	; 30
 190:	91 e0       	ldi	r25, 0x01	; 1
 192:	e9 30       	cpi	r30, 0x09	; 9
 194:	48 f4       	brcc	.+18     	; 0x1a8 <printInConsole+0x30>
 196:	0e 2e       	mov	r0, r30
 198:	00 0c       	add	r0, r0
 19a:	ff 0b       	sbc	r31, r31
 19c:	e0 57       	subi	r30, 0x70	; 112
 19e:	f9 4f       	sbci	r31, 0xF9	; 249
 1a0:	0c 94 cf 04 	jmp	0x99e	; 0x99e <__tablejump2__>
 1a4:	8c e0       	ldi	r24, 0x0C	; 12
 1a6:	91 e0       	ldi	r25, 0x01	; 1
 1a8:	0c 94 59 04 	jmp	0x8b2	; 0x8b2 <hd44780_puts>
 1ac:	8e e0       	ldi	r24, 0x0E	; 14
 1ae:	91 e0       	ldi	r25, 0x01	; 1
 1b0:	fb cf       	rjmp	.-10     	; 0x1a8 <printInConsole+0x30>
 1b2:	80 e1       	ldi	r24, 0x10	; 16
 1b4:	91 e0       	ldi	r25, 0x01	; 1
 1b6:	f8 cf       	rjmp	.-16     	; 0x1a8 <printInConsole+0x30>
 1b8:	82 e1       	ldi	r24, 0x12	; 18
 1ba:	91 e0       	ldi	r25, 0x01	; 1
 1bc:	f5 cf       	rjmp	.-22     	; 0x1a8 <printInConsole+0x30>
 1be:	84 e1       	ldi	r24, 0x14	; 20
 1c0:	91 e0       	ldi	r25, 0x01	; 1
 1c2:	f2 cf       	rjmp	.-28     	; 0x1a8 <printInConsole+0x30>
 1c4:	86 e1       	ldi	r24, 0x16	; 22
 1c6:	91 e0       	ldi	r25, 0x01	; 1
 1c8:	ef cf       	rjmp	.-34     	; 0x1a8 <printInConsole+0x30>
 1ca:	88 e1       	ldi	r24, 0x18	; 24
 1cc:	91 e0       	ldi	r25, 0x01	; 1
 1ce:	ec cf       	rjmp	.-40     	; 0x1a8 <printInConsole+0x30>
 1d0:	8a e1       	ldi	r24, 0x1A	; 26
 1d2:	91 e0       	ldi	r25, 0x01	; 1
 1d4:	e9 cf       	rjmp	.-46     	; 0x1a8 <printInConsole+0x30>
 1d6:	8c e1       	ldi	r24, 0x1C	; 28
 1d8:	91 e0       	ldi	r25, 0x01	; 1
 1da:	e6 cf       	rjmp	.-52     	; 0x1a8 <printInConsole+0x30>
 1dc:	80 e2       	ldi	r24, 0x20	; 32
 1de:	91 e0       	ldi	r25, 0x01	; 1
 1e0:	e3 cf       	rjmp	.-58     	; 0x1a8 <printInConsole+0x30>

000001e2 <estadoLivre>:
 1e2:	0e 94 55 04 	call	0x8aa	; 0x8aa <hd44780_clear>
 1e6:	85 e2       	ldi	r24, 0x25	; 37
 1e8:	91 e0       	ldi	r25, 0x01	; 1
 1ea:	0e 94 59 04 	call	0x8b2	; 0x8b2 <hd44780_puts>
 1ee:	2d 9a       	sbi	0x05, 5	; 5
 1f0:	2f 98       	cbi	0x05, 7	; 5
 1f2:	08 95       	ret

000001f4 <verificar>:
 1f4:	ef 92       	push	r14
 1f6:	ff 92       	push	r15
 1f8:	0f 93       	push	r16
 1fa:	1f 93       	push	r17
 1fc:	cf 93       	push	r28
 1fe:	df 93       	push	r29
 200:	eb 01       	movw	r28, r22
 202:	8a 01       	movw	r16, r20
 204:	8a 97       	sbiw	r24, 0x2a	; 42
 206:	09 f0       	breq	.+2      	; 0x20a <verificar+0x16>
 208:	44 c0       	rjmp	.+136    	; 0x292 <verificar+0x9e>
 20a:	81 e0       	ldi	r24, 0x01	; 1
 20c:	40 37       	cpi	r20, 0x70	; 112
 20e:	58 07       	cpc	r21, r24
 210:	49 f5       	brne	.+82     	; 0x264 <verificar+0x70>
 212:	0e 94 55 04 	call	0x8aa	; 0x8aa <hd44780_clear>
 216:	10 e0       	ldi	r17, 0x00	; 0
 218:	00 e0       	ldi	r16, 0x00	; 0
 21a:	b8 01       	movw	r22, r16
 21c:	86 e7       	ldi	r24, 0x76	; 118
 21e:	91 e0       	ldi	r25, 0x01	; 1
 220:	0e 94 bc 00 	call	0x178	; 0x178 <printInConsole>
 224:	0f 5f       	subi	r16, 0xFF	; 255
 226:	1f 4f       	sbci	r17, 0xFF	; 255
 228:	06 30       	cpi	r16, 0x06	; 6
 22a:	11 05       	cpc	r17, r1
 22c:	b1 f7       	brne	.-20     	; 0x21a <verificar+0x26>
 22e:	61 e0       	ldi	r22, 0x01	; 1
 230:	81 e0       	ldi	r24, 0x01	; 1
 232:	0e 94 66 04 	call	0x8cc	; 0x8cc <hd44780_gotoxy>
 236:	10 e0       	ldi	r17, 0x00	; 0
 238:	00 e0       	ldi	r16, 0x00	; 0
 23a:	21 97       	sbiw	r28, 0x01	; 1
 23c:	0c 17       	cp	r16, r28
 23e:	1d 07       	cpc	r17, r29
 240:	4c f0       	brlt	.+18     	; 0x254 <verificar+0x60>
 242:	8f ef       	ldi	r24, 0xFF	; 255
 244:	9f ef       	ldi	r25, 0xFF	; 255
 246:	df 91       	pop	r29
 248:	cf 91       	pop	r28
 24a:	1f 91       	pop	r17
 24c:	0f 91       	pop	r16
 24e:	ff 90       	pop	r15
 250:	ef 90       	pop	r14
 252:	08 95       	ret
 254:	b8 01       	movw	r22, r16
 256:	80 e7       	ldi	r24, 0x70	; 112
 258:	91 e0       	ldi	r25, 0x01	; 1
 25a:	0e 94 bc 00 	call	0x178	; 0x178 <printInConsole>
 25e:	0f 5f       	subi	r16, 0xFF	; 255
 260:	1f 4f       	sbci	r17, 0xFF	; 255
 262:	ec cf       	rjmp	.-40     	; 0x23c <verificar+0x48>
 264:	81 e0       	ldi	r24, 0x01	; 1
 266:	46 37       	cpi	r20, 0x76	; 118
 268:	58 07       	cpc	r21, r24
 26a:	19 f0       	breq	.+6      	; 0x272 <verificar+0x7e>
 26c:	4a 56       	subi	r20, 0x6A	; 106
 26e:	51 40       	sbci	r21, 0x01	; 1
 270:	41 f7       	brne	.-48     	; 0x242 <verificar+0x4e>
 272:	0e 94 55 04 	call	0x8aa	; 0x8aa <hd44780_clear>
 276:	f1 2c       	mov	r15, r1
 278:	e1 2c       	mov	r14, r1
 27a:	21 97       	sbiw	r28, 0x01	; 1
 27c:	ec 16       	cp	r14, r28
 27e:	fd 06       	cpc	r15, r29
 280:	04 f7       	brge	.-64     	; 0x242 <verificar+0x4e>
 282:	b7 01       	movw	r22, r14
 284:	c8 01       	movw	r24, r16
 286:	0e 94 bc 00 	call	0x178	; 0x178 <printInConsole>
 28a:	8f ef       	ldi	r24, 0xFF	; 255
 28c:	e8 1a       	sub	r14, r24
 28e:	f8 0a       	sbc	r15, r24
 290:	f5 cf       	rjmp	.-22     	; 0x27c <verificar+0x88>
 292:	81 e0       	ldi	r24, 0x01	; 1
 294:	90 e0       	ldi	r25, 0x00	; 0
 296:	d7 cf       	rjmp	.-82     	; 0x246 <verificar+0x52>

00000298 <cadastrandoSenha>:
 298:	cf 92       	push	r12
 29a:	df 92       	push	r13
 29c:	ff 92       	push	r15
 29e:	0f 93       	push	r16
 2a0:	1f 93       	push	r17
 2a2:	cf 93       	push	r28
 2a4:	df 93       	push	r29
 2a6:	8b 01       	movw	r16, r22
 2a8:	d0 e0       	ldi	r29, 0x00	; 0
 2aa:	c0 e0       	ldi	r28, 0x00	; 0
 2ac:	0e 94 53 00 	call	0xa6	; 0xa6 <scan_keypad>
 2b0:	f8 2e       	mov	r15, r24
 2b2:	c8 2e       	mov	r12, r24
 2b4:	88 0f       	add	r24, r24
 2b6:	dd 08       	sbc	r13, r13
 2b8:	a8 01       	movw	r20, r16
 2ba:	be 01       	movw	r22, r28
 2bc:	c6 01       	movw	r24, r12
 2be:	0e 94 fa 00 	call	0x1f4	; 0x1f4 <verificar>
 2c2:	01 96       	adiw	r24, 0x01	; 1
 2c4:	61 f4       	brne	.+24     	; 0x2de <cadastrandoSenha+0x46>
 2c6:	21 97       	sbiw	r28, 0x01	; 1
 2c8:	c6 30       	cpi	r28, 0x06	; 6
 2ca:	d1 05       	cpc	r29, r1
 2cc:	79 f7       	brne	.-34     	; 0x2ac <cadastrandoSenha+0x14>
 2ce:	df 91       	pop	r29
 2d0:	cf 91       	pop	r28
 2d2:	1f 91       	pop	r17
 2d4:	0f 91       	pop	r16
 2d6:	ff 90       	pop	r15
 2d8:	df 90       	pop	r13
 2da:	cf 90       	pop	r12
 2dc:	08 95       	ret
 2de:	f8 01       	movw	r30, r16
 2e0:	ec 0f       	add	r30, r28
 2e2:	fd 1f       	adc	r31, r29
 2e4:	f0 82       	st	Z, r15
 2e6:	cd 28       	or	r12, r13
 2e8:	09 f3       	breq	.-62     	; 0x2ac <cadastrandoSenha+0x14>
 2ea:	be 01       	movw	r22, r28
 2ec:	c8 01       	movw	r24, r16
 2ee:	0e 94 bc 00 	call	0x178	; 0x178 <printInConsole>
 2f2:	21 96       	adiw	r28, 0x01	; 1
 2f4:	e9 cf       	rjmp	.-46     	; 0x2c8 <cadastrandoSenha+0x30>

000002f6 <comparandoSenhas>:
 2f6:	fc 01       	movw	r30, r24
 2f8:	db 01       	movw	r26, r22
 2fa:	06 96       	adiw	r24, 0x06	; 6
 2fc:	31 91       	ld	r19, Z+
 2fe:	2d 91       	ld	r18, X+
 300:	32 13       	cpse	r19, r18
 302:	06 c0       	rjmp	.+12     	; 0x310 <comparandoSenhas+0x1a>
 304:	e8 17       	cp	r30, r24
 306:	f9 07       	cpc	r31, r25
 308:	c9 f7       	brne	.-14     	; 0x2fc <comparandoSenhas+0x6>
 30a:	81 e0       	ldi	r24, 0x01	; 1
 30c:	90 e0       	ldi	r25, 0x00	; 0
 30e:	08 95       	ret
 310:	8f ef       	ldi	r24, 0xFF	; 255
 312:	9f ef       	ldi	r25, 0xFF	; 255
 314:	08 95       	ret

00000316 <estadoOcupado>:
 316:	0e 94 55 04 	call	0x8aa	; 0x8aa <hd44780_clear>
 31a:	84 e3       	ldi	r24, 0x34	; 52
 31c:	91 e0       	ldi	r25, 0x01	; 1
 31e:	0e 94 59 04 	call	0x8b2	; 0x8b2 <hd44780_puts>
 322:	2f 9a       	sbi	0x05, 7	; 5
 324:	2d 98       	cbi	0x05, 5	; 5
 326:	08 95       	ret

00000328 <abrir>:
 328:	cf 92       	push	r12
 32a:	df 92       	push	r13
 32c:	ff 92       	push	r15
 32e:	0f 93       	push	r16
 330:	1f 93       	push	r17
 332:	cf 93       	push	r28
 334:	df 93       	push	r29
 336:	8b 01       	movw	r16, r22
 338:	0e 94 55 04 	call	0x8aa	; 0x8aa <hd44780_clear>
 33c:	d0 e0       	ldi	r29, 0x00	; 0
 33e:	c0 e0       	ldi	r28, 0x00	; 0
 340:	0e 94 53 00 	call	0xa6	; 0xa6 <scan_keypad>
 344:	f8 2e       	mov	r15, r24
 346:	c8 2e       	mov	r12, r24
 348:	88 0f       	add	r24, r24
 34a:	dd 08       	sbc	r13, r13
 34c:	a8 01       	movw	r20, r16
 34e:	be 01       	movw	r22, r28
 350:	c6 01       	movw	r24, r12
 352:	0e 94 fa 00 	call	0x1f4	; 0x1f4 <verificar>
 356:	01 96       	adiw	r24, 0x01	; 1
 358:	61 f4       	brne	.+24     	; 0x372 <abrir+0x4a>
 35a:	21 97       	sbiw	r28, 0x01	; 1
 35c:	c6 30       	cpi	r28, 0x06	; 6
 35e:	d1 05       	cpc	r29, r1
 360:	79 f7       	brne	.-34     	; 0x340 <abrir+0x18>
 362:	df 91       	pop	r29
 364:	cf 91       	pop	r28
 366:	1f 91       	pop	r17
 368:	0f 91       	pop	r16
 36a:	ff 90       	pop	r15
 36c:	df 90       	pop	r13
 36e:	cf 90       	pop	r12
 370:	08 95       	ret
 372:	f8 01       	movw	r30, r16
 374:	ec 0f       	add	r30, r28
 376:	fd 1f       	adc	r31, r29
 378:	f0 82       	st	Z, r15
 37a:	cd 28       	or	r12, r13
 37c:	09 f3       	breq	.-62     	; 0x340 <abrir+0x18>
 37e:	be 01       	movw	r22, r28
 380:	c8 01       	movw	r24, r16
 382:	0e 94 bc 00 	call	0x178	; 0x178 <printInConsole>
 386:	21 96       	adiw	r28, 0x01	; 1
 388:	e9 cf       	rjmp	.-46     	; 0x35c <abrir+0x34>

0000038a <comparar>:
 38a:	fc 01       	movw	r30, r24
 38c:	db 01       	movw	r26, r22
 38e:	06 96       	adiw	r24, 0x06	; 6
 390:	31 91       	ld	r19, Z+
 392:	2d 91       	ld	r18, X+
 394:	32 17       	cp	r19, r18
 396:	91 f0       	breq	.+36     	; 0x3bc <comparar+0x32>
 398:	0e 94 55 04 	call	0x8aa	; 0x8aa <hd44780_clear>
 39c:	8b e3       	ldi	r24, 0x3B	; 59
 39e:	91 e0       	ldi	r25, 0x01	; 1
 3a0:	0e 94 59 04 	call	0x8b2	; 0x8b2 <hd44780_puts>
 3a4:	2f ef       	ldi	r18, 0xFF	; 255
 3a6:	87 ea       	ldi	r24, 0xA7	; 167
 3a8:	91 e6       	ldi	r25, 0x61	; 97
 3aa:	21 50       	subi	r18, 0x01	; 1
 3ac:	80 40       	sbci	r24, 0x00	; 0
 3ae:	90 40       	sbci	r25, 0x00	; 0
 3b0:	e1 f7       	brne	.-8      	; 0x3aa <comparar+0x20>
 3b2:	00 c0       	rjmp	.+0      	; 0x3b4 <comparar+0x2a>
 3b4:	00 00       	nop
 3b6:	8f ef       	ldi	r24, 0xFF	; 255
 3b8:	9f ef       	ldi	r25, 0xFF	; 255
 3ba:	08 95       	ret
 3bc:	e8 17       	cp	r30, r24
 3be:	f9 07       	cpc	r31, r25
 3c0:	39 f7       	brne	.-50     	; 0x390 <comparar+0x6>
 3c2:	81 e0       	ldi	r24, 0x01	; 1
 3c4:	90 e0       	ldi	r25, 0x00	; 0
 3c6:	08 95       	ret

000003c8 <comparandoSenhas2>:
 3c8:	0e 94 7b 01 	call	0x2f6	; 0x2f6 <comparandoSenhas>
 3cc:	01 96       	adiw	r24, 0x01	; 1
 3ce:	89 f4       	brne	.+34     	; 0x3f2 <comparandoSenhas2+0x2a>
 3d0:	0e 94 55 04 	call	0x8aa	; 0x8aa <hd44780_clear>
 3d4:	8b e3       	ldi	r24, 0x3B	; 59
 3d6:	91 e0       	ldi	r25, 0x01	; 1
 3d8:	0e 94 59 04 	call	0x8b2	; 0x8b2 <hd44780_puts>
 3dc:	8f ef       	ldi	r24, 0xFF	; 255
 3de:	97 ea       	ldi	r25, 0xA7	; 167
 3e0:	21 e6       	ldi	r18, 0x61	; 97
 3e2:	81 50       	subi	r24, 0x01	; 1
 3e4:	90 40       	sbci	r25, 0x00	; 0
 3e6:	20 40       	sbci	r18, 0x00	; 0
 3e8:	e1 f7       	brne	.-8      	; 0x3e2 <comparandoSenhas2+0x1a>
 3ea:	00 c0       	rjmp	.+0      	; 0x3ec <comparandoSenhas2+0x24>
 3ec:	00 00       	nop
 3ee:	0c 94 6e 04 	jmp	0x8dc	; 0x8dc <main>
 3f2:	0e 94 55 04 	call	0x8aa	; 0x8aa <hd44780_clear>
 3f6:	8d e4       	ldi	r24, 0x4D	; 77
 3f8:	91 e0       	ldi	r25, 0x01	; 1
 3fa:	0e 94 59 04 	call	0x8b2	; 0x8b2 <hd44780_puts>
 3fe:	8f ef       	ldi	r24, 0xFF	; 255
 400:	97 ea       	ldi	r25, 0xA7	; 167
 402:	21 e6       	ldi	r18, 0x61	; 97
 404:	81 50       	subi	r24, 0x01	; 1
 406:	90 40       	sbci	r25, 0x00	; 0
 408:	20 40       	sbci	r18, 0x00	; 0
 40a:	e1 f7       	brne	.-8      	; 0x404 <__LOCK_REGION_LENGTH__+0x4>
 40c:	00 c0       	rjmp	.+0      	; 0x40e <__LOCK_REGION_LENGTH__+0xe>
 40e:	00 00       	nop
 410:	0c 94 8b 01 	jmp	0x316	; 0x316 <estadoOcupado>

00000414 <abrirCofre>:
 414:	ef 92       	push	r14
 416:	ff 92       	push	r15
 418:	0f 93       	push	r16
 41a:	1f 93       	push	r17
 41c:	cf 93       	push	r28
 41e:	df 93       	push	r29
 420:	7c 01       	movw	r14, r24
 422:	eb 01       	movw	r28, r22
 424:	0e 94 55 04 	call	0x8aa	; 0x8aa <hd44780_clear>
 428:	03 e0       	ldi	r16, 0x03	; 3
 42a:	10 e0       	ldi	r17, 0x00	; 0
 42c:	be 01       	movw	r22, r28
 42e:	c7 01       	movw	r24, r14
 430:	0e 94 94 01 	call	0x328	; 0x328 <abrir>
 434:	be 01       	movw	r22, r28
 436:	86 e7       	ldi	r24, 0x76	; 118
 438:	91 e0       	ldi	r25, 0x01	; 1
 43a:	0e 94 c5 01 	call	0x38a	; 0x38a <comparar>
 43e:	01 96       	adiw	r24, 0x01	; 1
 440:	d9 f4       	brne	.+54     	; 0x478 <abrirCofre+0x64>
 442:	01 50       	subi	r16, 0x01	; 1
 444:	11 09       	sbc	r17, r1
 446:	91 f7       	brne	.-28     	; 0x42c <abrirCofre+0x18>
 448:	0e 94 55 04 	call	0x8aa	; 0x8aa <hd44780_clear>
 44c:	8e e5       	ldi	r24, 0x5E	; 94
 44e:	91 e0       	ldi	r25, 0x01	; 1
 450:	0e 94 59 04 	call	0x8b2	; 0x8b2 <hd44780_puts>
 454:	3f ef       	ldi	r19, 0xFF	; 255
 456:	83 eb       	ldi	r24, 0xB3	; 179
 458:	94 ec       	ldi	r25, 0xC4	; 196
 45a:	24 e0       	ldi	r18, 0x04	; 4
 45c:	31 50       	subi	r19, 0x01	; 1
 45e:	80 40       	sbci	r24, 0x00	; 0
 460:	90 40       	sbci	r25, 0x00	; 0
 462:	20 40       	sbci	r18, 0x00	; 0
 464:	d9 f7       	brne	.-10     	; 0x45c <abrirCofre+0x48>
 466:	00 c0       	rjmp	.+0      	; 0x468 <abrirCofre+0x54>
 468:	00 00       	nop
 46a:	df 91       	pop	r29
 46c:	cf 91       	pop	r28
 46e:	1f 91       	pop	r17
 470:	0f 91       	pop	r16
 472:	ff 90       	pop	r15
 474:	ef 90       	pop	r14
 476:	08 95       	ret
 478:	0e 94 55 04 	call	0x8aa	; 0x8aa <hd44780_clear>
 47c:	df 91       	pop	r29
 47e:	cf 91       	pop	r28
 480:	1f 91       	pop	r17
 482:	0f 91       	pop	r16
 484:	ff 90       	pop	r15
 486:	ef 90       	pop	r14
 488:	0c 94 6e 04 	jmp	0x8dc	; 0x8dc <main>

0000048c <USART_Init>:
 48c:	10 92 c5 00 	sts	0x00C5, r1	; 0x8000c5 <__TEXT_REGION_LENGTH__+0x7e00c5>
 490:	80 e1       	ldi	r24, 0x10	; 16
 492:	80 93 c4 00 	sts	0x00C4, r24	; 0x8000c4 <__TEXT_REGION_LENGTH__+0x7e00c4>
 496:	86 e0       	ldi	r24, 0x06	; 6
 498:	80 93 c2 00 	sts	0x00C2, r24	; 0x8000c2 <__TEXT_REGION_LENGTH__+0x7e00c2>
 49c:	88 e1       	ldi	r24, 0x18	; 24
 49e:	80 93 c1 00 	sts	0x00C1, r24	; 0x8000c1 <__TEXT_REGION_LENGTH__+0x7e00c1>
 4a2:	08 95       	ret

000004a4 <USART_SendByte>:
 4a4:	90 91 c0 00 	lds	r25, 0x00C0	; 0x8000c0 <__TEXT_REGION_LENGTH__+0x7e00c0>
 4a8:	95 ff       	sbrs	r25, 5
 4aa:	fc cf       	rjmp	.-8      	; 0x4a4 <USART_SendByte>
 4ac:	80 93 c6 00 	sts	0x00C6, r24	; 0x8000c6 <__TEXT_REGION_LENGTH__+0x7e00c6>
 4b0:	08 95       	ret

000004b2 <printData>:
 4b2:	90 91 c0 00 	lds	r25, 0x00C0	; 0x8000c0 <__TEXT_REGION_LENGTH__+0x7e00c0>
 4b6:	95 ff       	sbrs	r25, 5
 4b8:	fc cf       	rjmp	.-8      	; 0x4b2 <printData>
 4ba:	08 95       	ret

000004bc <USART_ReceiveByte>:
 4bc:	80 91 c0 00 	lds	r24, 0x00C0	; 0x8000c0 <__TEXT_REGION_LENGTH__+0x7e00c0>
 4c0:	87 ff       	sbrs	r24, 7
 4c2:	fc cf       	rjmp	.-8      	; 0x4bc <USART_ReceiveByte>
 4c4:	80 91 c6 00 	lds	r24, 0x00C6	; 0x8000c6 <__TEXT_REGION_LENGTH__+0x7e00c6>
 4c8:	08 95       	ret

000004ca <USART_puts>:
 4ca:	cf 93       	push	r28
 4cc:	df 93       	push	r29
 4ce:	ec 01       	movw	r28, r24
 4d0:	89 91       	ld	r24, Y+
 4d2:	81 11       	cpse	r24, r1
 4d4:	05 c0       	rjmp	.+10     	; 0x4e0 <USART_puts+0x16>
 4d6:	8a e0       	ldi	r24, 0x0A	; 10
 4d8:	df 91       	pop	r29
 4da:	cf 91       	pop	r28
 4dc:	0c 94 52 02 	jmp	0x4a4	; 0x4a4 <USART_SendByte>
 4e0:	0e 94 52 02 	call	0x4a4	; 0x4a4 <USART_SendByte>
 4e4:	f5 cf       	rjmp	.-22     	; 0x4d0 <USART_puts+0x6>

000004e6 <printint>:
 4e6:	8f 92       	push	r8
 4e8:	9f 92       	push	r9
 4ea:	af 92       	push	r10
 4ec:	bf 92       	push	r11
 4ee:	df 92       	push	r13
 4f0:	ef 92       	push	r14
 4f2:	ff 92       	push	r15
 4f4:	0f 93       	push	r16
 4f6:	1f 93       	push	r17
 4f8:	cf 93       	push	r28
 4fa:	df 93       	push	r29
 4fc:	cd b7       	in	r28, 0x3d	; 61
 4fe:	de b7       	in	r29, 0x3e	; 62
 500:	a2 97       	sbiw	r28, 0x22	; 34
 502:	0f b6       	in	r0, 0x3f	; 63
 504:	f8 94       	cli
 506:	de bf       	out	0x3e, r29	; 62
 508:	0f be       	out	0x3f, r0	; 63
 50a:	cd bf       	out	0x3d, r28	; 61
 50c:	6f 8f       	std	Y+31, r22	; 0x1f
 50e:	78 a3       	std	Y+32, r23	; 0x20
 510:	89 a3       	std	Y+33, r24	; 0x21
 512:	9a a3       	std	Y+34, r25	; 0x22
 514:	dc 01       	movw	r26, r24
 516:	cb 01       	movw	r24, r22
 518:	b7 fd       	sbrc	r27, 7
 51a:	46 c0       	rjmp	.+140    	; 0x5a8 <printint+0xc2>
 51c:	8e 01       	movw	r16, r28
 51e:	0f 5f       	subi	r16, 0xFF	; 255
 520:	1f 4f       	sbci	r17, 0xFF	; 255
 522:	78 01       	movw	r14, r16
 524:	2a e0       	ldi	r18, 0x0A	; 10
 526:	82 2e       	mov	r8, r18
 528:	91 2c       	mov	r9, r1
 52a:	a1 2c       	mov	r10, r1
 52c:	b1 2c       	mov	r11, r1
 52e:	6f 8d       	ldd	r22, Y+31	; 0x1f
 530:	78 a1       	ldd	r23, Y+32	; 0x20
 532:	89 a1       	ldd	r24, Y+33	; 0x21
 534:	9a a1       	ldd	r25, Y+34	; 0x22
 536:	a5 01       	movw	r20, r10
 538:	94 01       	movw	r18, r8
 53a:	0e 94 b0 04 	call	0x960	; 0x960 <__divmodsi4>
 53e:	6f 8f       	std	Y+31, r22	; 0x1f
 540:	78 a3       	std	Y+32, r23	; 0x20
 542:	89 a3       	std	Y+33, r24	; 0x21
 544:	9a a3       	std	Y+34, r25	; 0x22
 546:	f8 01       	movw	r30, r16
 548:	0f 5f       	subi	r16, 0xFF	; 255
 54a:	1f 4f       	sbci	r17, 0xFF	; 255
 54c:	8f 8d       	ldd	r24, Y+31	; 0x1f
 54e:	80 5d       	subi	r24, 0xD0	; 208
 550:	80 83       	st	Z, r24
 552:	2f 8f       	std	Y+31, r18	; 0x1f
 554:	38 a3       	std	Y+32, r19	; 0x20
 556:	49 a3       	std	Y+33, r20	; 0x21
 558:	5a a3       	std	Y+34, r21	; 0x22
 55a:	23 2b       	or	r18, r19
 55c:	24 2b       	or	r18, r20
 55e:	25 2b       	or	r18, r21
 560:	31 f7       	brne	.-52     	; 0x52e <printint+0x48>
 562:	d8 01       	movw	r26, r16
 564:	1c 92       	st	X, r1
 566:	f7 01       	movw	r30, r14
 568:	01 50       	subi	r16, 0x01	; 1
 56a:	11 09       	sbc	r17, r1
 56c:	0e 17       	cp	r16, r30
 56e:	1f 07       	cpc	r17, r31
 570:	08 f0       	brcs	.+2      	; 0x574 <printint+0x8e>
 572:	43 c0       	rjmp	.+134    	; 0x5fa <printint+0x114>
 574:	8e 01       	movw	r16, r28
 576:	0f 5f       	subi	r16, 0xFF	; 255
 578:	1f 4f       	sbci	r17, 0xFF	; 255
 57a:	f8 01       	movw	r30, r16
 57c:	81 91       	ld	r24, Z+
 57e:	8f 01       	movw	r16, r30
 580:	81 11       	cpse	r24, r1
 582:	44 c0       	rjmp	.+136    	; 0x60c <printint+0x126>
 584:	a2 96       	adiw	r28, 0x22	; 34
 586:	0f b6       	in	r0, 0x3f	; 63
 588:	f8 94       	cli
 58a:	de bf       	out	0x3e, r29	; 62
 58c:	0f be       	out	0x3f, r0	; 63
 58e:	cd bf       	out	0x3d, r28	; 61
 590:	df 91       	pop	r29
 592:	cf 91       	pop	r28
 594:	1f 91       	pop	r17
 596:	0f 91       	pop	r16
 598:	ff 90       	pop	r15
 59a:	ef 90       	pop	r14
 59c:	df 90       	pop	r13
 59e:	bf 90       	pop	r11
 5a0:	af 90       	pop	r10
 5a2:	9f 90       	pop	r9
 5a4:	8f 90       	pop	r8
 5a6:	08 95       	ret
 5a8:	8d e2       	ldi	r24, 0x2D	; 45
 5aa:	89 83       	std	Y+1, r24	; 0x01
 5ac:	8e 01       	movw	r16, r28
 5ae:	0e 5f       	subi	r16, 0xFE	; 254
 5b0:	1f 4f       	sbci	r17, 0xFF	; 255
 5b2:	78 01       	movw	r14, r16
 5b4:	8a e0       	ldi	r24, 0x0A	; 10
 5b6:	88 2e       	mov	r8, r24
 5b8:	91 2c       	mov	r9, r1
 5ba:	a1 2c       	mov	r10, r1
 5bc:	b1 2c       	mov	r11, r1
 5be:	90 e3       	ldi	r25, 0x30	; 48
 5c0:	d9 2e       	mov	r13, r25
 5c2:	6f 8d       	ldd	r22, Y+31	; 0x1f
 5c4:	78 a1       	ldd	r23, Y+32	; 0x20
 5c6:	89 a1       	ldd	r24, Y+33	; 0x21
 5c8:	9a a1       	ldd	r25, Y+34	; 0x22
 5ca:	a5 01       	movw	r20, r10
 5cc:	94 01       	movw	r18, r8
 5ce:	0e 94 b0 04 	call	0x960	; 0x960 <__divmodsi4>
 5d2:	6f 8f       	std	Y+31, r22	; 0x1f
 5d4:	78 a3       	std	Y+32, r23	; 0x20
 5d6:	89 a3       	std	Y+33, r24	; 0x21
 5d8:	9a a3       	std	Y+34, r25	; 0x22
 5da:	f8 01       	movw	r30, r16
 5dc:	0f 5f       	subi	r16, 0xFF	; 255
 5de:	1f 4f       	sbci	r17, 0xFF	; 255
 5e0:	8d 2d       	mov	r24, r13
 5e2:	9f 8d       	ldd	r25, Y+31	; 0x1f
 5e4:	89 1b       	sub	r24, r25
 5e6:	80 83       	st	Z, r24
 5e8:	2f 8f       	std	Y+31, r18	; 0x1f
 5ea:	38 a3       	std	Y+32, r19	; 0x20
 5ec:	49 a3       	std	Y+33, r20	; 0x21
 5ee:	5a a3       	std	Y+34, r21	; 0x22
 5f0:	23 2b       	or	r18, r19
 5f2:	24 2b       	or	r18, r20
 5f4:	25 2b       	or	r18, r21
 5f6:	29 f7       	brne	.-54     	; 0x5c2 <printint+0xdc>
 5f8:	b4 cf       	rjmp	.-152    	; 0x562 <printint+0x7c>
 5fa:	81 91       	ld	r24, Z+
 5fc:	d8 01       	movw	r26, r16
 5fe:	9c 91       	ld	r25, X
 600:	df 01       	movw	r26, r30
 602:	11 97       	sbiw	r26, 0x01	; 1
 604:	9c 93       	st	X, r25
 606:	d8 01       	movw	r26, r16
 608:	8c 93       	st	X, r24
 60a:	ae cf       	rjmp	.-164    	; 0x568 <printint+0x82>
 60c:	0e 94 52 02 	call	0x4a4	; 0x4a4 <USART_SendByte>
 610:	b4 cf       	rjmp	.-152    	; 0x57a <printint+0x94>

00000612 <printhex>:
 612:	6f 92       	push	r6
 614:	7f 92       	push	r7
 616:	8f 92       	push	r8
 618:	9f 92       	push	r9
 61a:	af 92       	push	r10
 61c:	bf 92       	push	r11
 61e:	cf 92       	push	r12
 620:	df 92       	push	r13
 622:	ef 92       	push	r14
 624:	ff 92       	push	r15
 626:	0f 93       	push	r16
 628:	1f 93       	push	r17
 62a:	cf 93       	push	r28
 62c:	df 93       	push	r29
 62e:	cd b7       	in	r28, 0x3d	; 61
 630:	de b7       	in	r29, 0x3e	; 62
 632:	a2 97       	sbiw	r28, 0x22	; 34
 634:	0f b6       	in	r0, 0x3f	; 63
 636:	f8 94       	cli
 638:	de bf       	out	0x3e, r29	; 62
 63a:	0f be       	out	0x3f, r0	; 63
 63c:	cd bf       	out	0x3d, r28	; 61
 63e:	6f 8f       	std	Y+31, r22	; 0x1f
 640:	78 a3       	std	Y+32, r23	; 0x20
 642:	89 a3       	std	Y+33, r24	; 0x21
 644:	9a a3       	std	Y+34, r25	; 0x22
 646:	4b 01       	movw	r8, r22
 648:	5c 01       	movw	r10, r24
 64a:	bc 01       	movw	r22, r24
 64c:	a4 01       	movw	r20, r8
 64e:	fe 01       	movw	r30, r28
 650:	31 96       	adiw	r30, 0x01	; 1
 652:	3f 01       	movw	r6, r30
 654:	9f 01       	movw	r18, r30
 656:	31 96       	adiw	r30, 0x01	; 1
 658:	6a 01       	movw	r12, r20
 65a:	7b 01       	movw	r14, r22
 65c:	1f e0       	ldi	r17, 0x0F	; 15
 65e:	c1 22       	and	r12, r17
 660:	dd 24       	eor	r13, r13
 662:	ee 24       	eor	r14, r14
 664:	ff 24       	eor	r15, r15
 666:	80 e3       	ldi	r24, 0x30	; 48
 668:	c8 0e       	add	r12, r24
 66a:	d9 01       	movw	r26, r18
 66c:	cc 92       	st	X, r12
 66e:	6a 01       	movw	r12, r20
 670:	7b 01       	movw	r14, r22
 672:	94 e0       	ldi	r25, 0x04	; 4
 674:	76 95       	lsr	r23
 676:	67 95       	ror	r22
 678:	57 95       	ror	r21
 67a:	47 95       	ror	r20
 67c:	9a 95       	dec	r25
 67e:	d1 f7       	brne	.-12     	; 0x674 <printhex+0x62>
 680:	b0 e1       	ldi	r27, 0x10	; 16
 682:	cb 16       	cp	r12, r27
 684:	d1 04       	cpc	r13, r1
 686:	e1 04       	cpc	r14, r1
 688:	f1 04       	cpc	r15, r1
 68a:	20 f7       	brcc	.-56     	; 0x654 <printhex+0x42>
 68c:	10 e1       	ldi	r17, 0x10	; 16
 68e:	81 16       	cp	r8, r17
 690:	91 04       	cpc	r9, r1
 692:	a1 04       	cpc	r10, r1
 694:	b1 04       	cpc	r11, r1
 696:	10 f4       	brcc	.+4      	; 0x69c <printhex+0x8a>
 698:	80 83       	st	Z, r24
 69a:	31 96       	adiw	r30, 0x01	; 1
 69c:	10 82       	st	Z, r1
 69e:	83 01       	movw	r16, r6
 6a0:	d3 01       	movw	r26, r6
 6a2:	31 97       	sbiw	r30, 0x01	; 1
 6a4:	ea 17       	cp	r30, r26
 6a6:	fb 07       	cpc	r31, r27
 6a8:	d0 f4       	brcc	.+52     	; 0x6de <printhex+0xcc>
 6aa:	d8 01       	movw	r26, r16
 6ac:	8d 91       	ld	r24, X+
 6ae:	8d 01       	movw	r16, r26
 6b0:	81 11       	cpse	r24, r1
 6b2:	20 c0       	rjmp	.+64     	; 0x6f4 <printhex+0xe2>
 6b4:	a2 96       	adiw	r28, 0x22	; 34
 6b6:	0f b6       	in	r0, 0x3f	; 63
 6b8:	f8 94       	cli
 6ba:	de bf       	out	0x3e, r29	; 62
 6bc:	0f be       	out	0x3f, r0	; 63
 6be:	cd bf       	out	0x3d, r28	; 61
 6c0:	df 91       	pop	r29
 6c2:	cf 91       	pop	r28
 6c4:	1f 91       	pop	r17
 6c6:	0f 91       	pop	r16
 6c8:	ff 90       	pop	r15
 6ca:	ef 90       	pop	r14
 6cc:	df 90       	pop	r13
 6ce:	cf 90       	pop	r12
 6d0:	bf 90       	pop	r11
 6d2:	af 90       	pop	r10
 6d4:	9f 90       	pop	r9
 6d6:	8f 90       	pop	r8
 6d8:	7f 90       	pop	r7
 6da:	6f 90       	pop	r6
 6dc:	08 95       	ret
 6de:	8c 91       	ld	r24, X
 6e0:	8a 33       	cpi	r24, 0x3A	; 58
 6e2:	0c f0       	brlt	.+2      	; 0x6e6 <printhex+0xd4>
 6e4:	89 5d       	subi	r24, 0xD9	; 217
 6e6:	90 81       	ld	r25, Z
 6e8:	9a 33       	cpi	r25, 0x3A	; 58
 6ea:	0c f0       	brlt	.+2      	; 0x6ee <printhex+0xdc>
 6ec:	99 5d       	subi	r25, 0xD9	; 217
 6ee:	9d 93       	st	X+, r25
 6f0:	80 83       	st	Z, r24
 6f2:	d7 cf       	rjmp	.-82     	; 0x6a2 <printhex+0x90>
 6f4:	0e 94 52 02 	call	0x4a4	; 0x4a4 <USART_SendByte>
 6f8:	d8 cf       	rjmp	.-80     	; 0x6aa <printhex+0x98>

000006fa <print>:
 6fa:	cf 93       	push	r28
 6fc:	df 93       	push	r29
 6fe:	ec 01       	movw	r28, r24
 700:	89 91       	ld	r24, Y+
 702:	81 11       	cpse	r24, r1
 704:	03 c0       	rjmp	.+6      	; 0x70c <print+0x12>
 706:	df 91       	pop	r29
 708:	cf 91       	pop	r28
 70a:	08 95       	ret
 70c:	0e 94 52 02 	call	0x4a4	; 0x4a4 <USART_SendByte>
 710:	f7 cf       	rjmp	.-18     	; 0x700 <print+0x6>

00000712 <printfloat>:
 712:	cf 93       	push	r28
 714:	df 93       	push	r29
 716:	cd b7       	in	r28, 0x3d	; 61
 718:	de b7       	in	r29, 0x3e	; 62
 71a:	28 97       	sbiw	r28, 0x08	; 8
 71c:	0f b6       	in	r0, 0x3f	; 63
 71e:	f8 94       	cli
 720:	de bf       	out	0x3e, r29	; 62
 722:	0f be       	out	0x3f, r0	; 63
 724:	cd bf       	out	0x3d, r28	; 61
 726:	69 83       	std	Y+1, r22	; 0x01
 728:	7a 83       	std	Y+2, r23	; 0x02
 72a:	8b 83       	std	Y+3, r24	; 0x03
 72c:	9c 83       	std	Y+4, r25	; 0x04
 72e:	0e 94 64 05 	call	0xac8	; 0xac8 <__fixunssfsi>
 732:	6d 83       	std	Y+5, r22	; 0x05
 734:	7e 83       	std	Y+6, r23	; 0x06
 736:	8f 83       	std	Y+7, r24	; 0x07
 738:	98 87       	std	Y+8, r25	; 0x08
 73a:	0e 94 73 02 	call	0x4e6	; 0x4e6 <printint>
 73e:	88 e6       	ldi	r24, 0x68	; 104
 740:	91 e0       	ldi	r25, 0x01	; 1
 742:	0e 94 7d 03 	call	0x6fa	; 0x6fa <print>
 746:	6d 81       	ldd	r22, Y+5	; 0x05
 748:	7e 81       	ldd	r23, Y+6	; 0x06
 74a:	8f 81       	ldd	r24, Y+7	; 0x07
 74c:	98 85       	ldd	r25, Y+8	; 0x08
 74e:	0e 94 93 05 	call	0xb26	; 0xb26 <__floatunsisf>
 752:	6d 83       	std	Y+5, r22	; 0x05
 754:	7e 83       	std	Y+6, r23	; 0x06
 756:	8f 83       	std	Y+7, r24	; 0x07
 758:	98 87       	std	Y+8, r25	; 0x08
 75a:	9b 01       	movw	r18, r22
 75c:	ac 01       	movw	r20, r24
 75e:	69 81       	ldd	r22, Y+1	; 0x01
 760:	7a 81       	ldd	r23, Y+2	; 0x02
 762:	8b 81       	ldd	r24, Y+3	; 0x03
 764:	9c 81       	ldd	r25, Y+4	; 0x04
 766:	0e 94 f7 04 	call	0x9ee	; 0x9ee <__subsf3>
 76a:	69 83       	std	Y+1, r22	; 0x01
 76c:	7a 83       	std	Y+2, r23	; 0x02
 76e:	8b 83       	std	Y+3, r24	; 0x03
 770:	9c 83       	std	Y+4, r25	; 0x04
 772:	20 e0       	ldi	r18, 0x00	; 0
 774:	30 e0       	ldi	r19, 0x00	; 0
 776:	4a e7       	ldi	r20, 0x7A	; 122
 778:	54 e4       	ldi	r21, 0x44	; 68
 77a:	0e 94 21 06 	call	0xc42	; 0xc42 <__mulsf3>
 77e:	69 83       	std	Y+1, r22	; 0x01
 780:	7a 83       	std	Y+2, r23	; 0x02
 782:	8b 83       	std	Y+3, r24	; 0x03
 784:	9c 83       	std	Y+4, r25	; 0x04
 786:	0e 94 64 05 	call	0xac8	; 0xac8 <__fixunssfsi>
 78a:	69 83       	std	Y+1, r22	; 0x01
 78c:	7a 83       	std	Y+2, r23	; 0x02
 78e:	8b 83       	std	Y+3, r24	; 0x03
 790:	9c 83       	std	Y+4, r25	; 0x04
 792:	dc 01       	movw	r26, r24
 794:	cb 01       	movw	r24, r22
 796:	84 36       	cpi	r24, 0x64	; 100
 798:	91 05       	cpc	r25, r1
 79a:	a1 05       	cpc	r26, r1
 79c:	b1 05       	cpc	r27, r1
 79e:	80 f4       	brcc	.+32     	; 0x7c0 <printfloat+0xae>
 7a0:	8e e1       	ldi	r24, 0x1E	; 30
 7a2:	91 e0       	ldi	r25, 0x01	; 1
 7a4:	0e 94 7d 03 	call	0x6fa	; 0x6fa <print>
 7a8:	89 81       	ldd	r24, Y+1	; 0x01
 7aa:	9a 81       	ldd	r25, Y+2	; 0x02
 7ac:	ab 81       	ldd	r26, Y+3	; 0x03
 7ae:	bc 81       	ldd	r27, Y+4	; 0x04
 7b0:	0a 97       	sbiw	r24, 0x0a	; 10
 7b2:	a1 05       	cpc	r26, r1
 7b4:	b1 05       	cpc	r27, r1
 7b6:	20 f4       	brcc	.+8      	; 0x7c0 <printfloat+0xae>
 7b8:	8e e1       	ldi	r24, 0x1E	; 30
 7ba:	91 e0       	ldi	r25, 0x01	; 1
 7bc:	0e 94 7d 03 	call	0x6fa	; 0x6fa <print>
 7c0:	69 81       	ldd	r22, Y+1	; 0x01
 7c2:	7a 81       	ldd	r23, Y+2	; 0x02
 7c4:	8b 81       	ldd	r24, Y+3	; 0x03
 7c6:	9c 81       	ldd	r25, Y+4	; 0x04
 7c8:	28 96       	adiw	r28, 0x08	; 8
 7ca:	0f b6       	in	r0, 0x3f	; 63
 7cc:	f8 94       	cli
 7ce:	de bf       	out	0x3e, r29	; 62
 7d0:	0f be       	out	0x3f, r0	; 63
 7d2:	cd bf       	out	0x3d, r28	; 61
 7d4:	df 91       	pop	r29
 7d6:	cf 91       	pop	r28
 7d8:	0c 94 73 02 	jmp	0x4e6	; 0x4e6 <printint>

000007dc <mask>:
 7dc:	98 2f       	mov	r25, r24
 7de:	88 0f       	add	r24, r24
 7e0:	88 0f       	add	r24, r24
 7e2:	88 0f       	add	r24, r24
 7e4:	88 70       	andi	r24, 0x08	; 8
 7e6:	91 fd       	sbrc	r25, 1
 7e8:	84 60       	ori	r24, 0x04	; 4
 7ea:	92 fd       	sbrc	r25, 2
 7ec:	82 60       	ori	r24, 0x02	; 2
 7ee:	93 fd       	sbrc	r25, 3
 7f0:	81 60       	ori	r24, 0x01	; 1
 7f2:	08 95       	ret

000007f4 <hd44780_send>:
 7f4:	cf 93       	push	r28
 7f6:	c8 2f       	mov	r28, r24
 7f8:	88 b1       	in	r24, 0x08	; 8
 7fa:	80 7f       	andi	r24, 0xF0	; 240
 7fc:	88 b9       	out	0x08, r24	; 8
 7fe:	66 23       	and	r22, r22
 800:	69 f1       	breq	.+90     	; 0x85c <hd44780_send+0x68>
 802:	45 9a       	sbi	0x08, 5	; 8
 804:	85 e0       	ldi	r24, 0x05	; 5
 806:	8a 95       	dec	r24
 808:	f1 f7       	brne	.-4      	; 0x806 <hd44780_send+0x12>
 80a:	00 00       	nop
 80c:	8c 2f       	mov	r24, r28
 80e:	82 95       	swap	r24
 810:	8f 70       	andi	r24, 0x0F	; 15
 812:	0e 94 ee 03 	call	0x7dc	; 0x7dc <mask>
 816:	98 b1       	in	r25, 0x08	; 8
 818:	98 2b       	or	r25, r24
 81a:	98 b9       	out	0x08, r25	; 8
 81c:	44 9a       	sbi	0x08, 4	; 8
 81e:	85 e0       	ldi	r24, 0x05	; 5
 820:	8a 95       	dec	r24
 822:	f1 f7       	brne	.-4      	; 0x820 <hd44780_send+0x2c>
 824:	00 00       	nop
 826:	44 98       	cbi	0x08, 4	; 8
 828:	85 e0       	ldi	r24, 0x05	; 5
 82a:	8a 95       	dec	r24
 82c:	f1 f7       	brne	.-4      	; 0x82a <hd44780_send+0x36>
 82e:	00 00       	nop
 830:	88 b1       	in	r24, 0x08	; 8
 832:	80 7f       	andi	r24, 0xF0	; 240
 834:	88 b9       	out	0x08, r24	; 8
 836:	8c 2f       	mov	r24, r28
 838:	8f 70       	andi	r24, 0x0F	; 15
 83a:	0e 94 ee 03 	call	0x7dc	; 0x7dc <mask>
 83e:	98 b1       	in	r25, 0x08	; 8
 840:	98 2b       	or	r25, r24
 842:	98 b9       	out	0x08, r25	; 8
 844:	44 9a       	sbi	0x08, 4	; 8
 846:	85 e0       	ldi	r24, 0x05	; 5
 848:	8a 95       	dec	r24
 84a:	f1 f7       	brne	.-4      	; 0x848 <hd44780_send+0x54>
 84c:	00 00       	nop
 84e:	44 98       	cbi	0x08, 4	; 8
 850:	85 e0       	ldi	r24, 0x05	; 5
 852:	8a 95       	dec	r24
 854:	f1 f7       	brne	.-4      	; 0x852 <hd44780_send+0x5e>
 856:	00 00       	nop
 858:	cf 91       	pop	r28
 85a:	08 95       	ret
 85c:	45 98       	cbi	0x08, 5	; 8
 85e:	d2 cf       	rjmp	.-92     	; 0x804 <hd44780_send+0x10>

00000860 <hd44780_init>:
 860:	87 b1       	in	r24, 0x07	; 7
 862:	8f 63       	ori	r24, 0x3F	; 63
 864:	87 b9       	out	0x07, r24	; 7
 866:	8f e5       	ldi	r24, 0x5F	; 95
 868:	9a ee       	ldi	r25, 0xEA	; 234
 86a:	01 97       	sbiw	r24, 0x01	; 1
 86c:	f1 f7       	brne	.-4      	; 0x86a <hd44780_init+0xa>
 86e:	00 c0       	rjmp	.+0      	; 0x870 <hd44780_init+0x10>
 870:	00 00       	nop
 872:	60 e0       	ldi	r22, 0x00	; 0
 874:	83 e3       	ldi	r24, 0x33	; 51
 876:	0e 94 fa 03 	call	0x7f4	; 0x7f4 <hd44780_send>
 87a:	60 e0       	ldi	r22, 0x00	; 0
 87c:	83 e3       	ldi	r24, 0x33	; 51
 87e:	0e 94 fa 03 	call	0x7f4	; 0x7f4 <hd44780_send>
 882:	60 e0       	ldi	r22, 0x00	; 0
 884:	82 e3       	ldi	r24, 0x32	; 50
 886:	0e 94 fa 03 	call	0x7f4	; 0x7f4 <hd44780_send>
 88a:	60 e0       	ldi	r22, 0x00	; 0
 88c:	88 e2       	ldi	r24, 0x28	; 40
 88e:	0e 94 fa 03 	call	0x7f4	; 0x7f4 <hd44780_send>
 892:	60 e0       	ldi	r22, 0x00	; 0
 894:	88 e0       	ldi	r24, 0x08	; 8
 896:	0e 94 fa 03 	call	0x7f4	; 0x7f4 <hd44780_send>
 89a:	60 e0       	ldi	r22, 0x00	; 0
 89c:	8f e0       	ldi	r24, 0x0F	; 15
 89e:	0e 94 fa 03 	call	0x7f4	; 0x7f4 <hd44780_send>
 8a2:	60 e0       	ldi	r22, 0x00	; 0
 8a4:	81 e0       	ldi	r24, 0x01	; 1
 8a6:	0c 94 fa 03 	jmp	0x7f4	; 0x7f4 <hd44780_send>

000008aa <hd44780_clear>:
 8aa:	60 e0       	ldi	r22, 0x00	; 0
 8ac:	81 e0       	ldi	r24, 0x01	; 1
 8ae:	0c 94 fa 03 	jmp	0x7f4	; 0x7f4 <hd44780_send>

000008b2 <hd44780_puts>:
 8b2:	cf 93       	push	r28
 8b4:	df 93       	push	r29
 8b6:	ec 01       	movw	r28, r24
 8b8:	89 91       	ld	r24, Y+
 8ba:	81 11       	cpse	r24, r1
 8bc:	03 c0       	rjmp	.+6      	; 0x8c4 <hd44780_puts+0x12>
 8be:	df 91       	pop	r29
 8c0:	cf 91       	pop	r28
 8c2:	08 95       	ret
 8c4:	61 e0       	ldi	r22, 0x01	; 1
 8c6:	0e 94 fa 03 	call	0x7f4	; 0x7f4 <hd44780_send>
 8ca:	f6 cf       	rjmp	.-20     	; 0x8b8 <hd44780_puts+0x6>

000008cc <hd44780_gotoxy>:
 8cc:	90 ec       	ldi	r25, 0xC0	; 192
 8ce:	61 30       	cpi	r22, 0x01	; 1
 8d0:	09 f0       	breq	.+2      	; 0x8d4 <hd44780_gotoxy+0x8>
 8d2:	90 e8       	ldi	r25, 0x80	; 128
 8d4:	60 e0       	ldi	r22, 0x00	; 0
 8d6:	89 0f       	add	r24, r25
 8d8:	0c 94 fa 03 	jmp	0x7f4	; 0x7f4 <hd44780_send>

000008dc <main>:
 8dc:	0e 94 46 02 	call	0x48c	; 0x48c <USART_Init>
 8e0:	8a b1       	in	r24, 0x0a	; 10
 8e2:	80 7f       	andi	r24, 0xF0	; 240
 8e4:	8a b9       	out	0x0a, r24	; 10
 8e6:	8a b1       	in	r24, 0x0a	; 10
 8e8:	80 6e       	ori	r24, 0xE0	; 224
 8ea:	8a b9       	out	0x0a, r24	; 10
 8ec:	25 9a       	sbi	0x04, 5	; 4
 8ee:	27 9a       	sbi	0x04, 7	; 4
 8f0:	20 98       	cbi	0x04, 0	; 4
 8f2:	28 9a       	sbi	0x05, 0	; 5
 8f4:	0e 94 30 04 	call	0x860	; 0x860 <hd44780_init>
 8f8:	0e 94 f1 00 	call	0x1e2	; 0x1e2 <estadoLivre>
 8fc:	2f ef       	ldi	r18, 0xFF	; 255
 8fe:	83 e2       	ldi	r24, 0x23	; 35
 900:	94 ef       	ldi	r25, 0xF4	; 244
 902:	21 50       	subi	r18, 0x01	; 1
 904:	80 40       	sbci	r24, 0x00	; 0
 906:	90 40       	sbci	r25, 0x00	; 0
 908:	e1 f7       	brne	.-8      	; 0x902 <__stack+0x3>
 90a:	00 c0       	rjmp	.+0      	; 0x90c <__stack+0xd>
 90c:	00 00       	nop
 90e:	0e 94 55 04 	call	0x8aa	; 0x8aa <hd44780_clear>
 912:	66 e7       	ldi	r22, 0x76	; 118
 914:	71 e0       	ldi	r23, 0x01	; 1
 916:	d0 e0       	ldi	r29, 0x00	; 0
 918:	c0 e0       	ldi	r28, 0x00	; 0
 91a:	ce 01       	movw	r24, r28
 91c:	0e 94 4c 01 	call	0x298	; 0x298 <cadastrandoSenha>
 920:	61 e0       	ldi	r22, 0x01	; 1
 922:	81 e0       	ldi	r24, 0x01	; 1
 924:	0e 94 66 04 	call	0x8cc	; 0x8cc <hd44780_gotoxy>
 928:	60 e7       	ldi	r22, 0x70	; 112
 92a:	71 e0       	ldi	r23, 0x01	; 1
 92c:	ce 01       	movw	r24, r28
 92e:	0e 94 4c 01 	call	0x298	; 0x298 <cadastrandoSenha>
 932:	60 e7       	ldi	r22, 0x70	; 112
 934:	71 e0       	ldi	r23, 0x01	; 1
 936:	86 e7       	ldi	r24, 0x76	; 118
 938:	91 e0       	ldi	r25, 0x01	; 1
 93a:	0e 94 e4 01 	call	0x3c8	; 0x3c8 <comparandoSenhas2>
 93e:	2f ef       	ldi	r18, 0xFF	; 255
 940:	83 e2       	ldi	r24, 0x23	; 35
 942:	94 ef       	ldi	r25, 0xF4	; 244
 944:	21 50       	subi	r18, 0x01	; 1
 946:	80 40       	sbci	r24, 0x00	; 0
 948:	90 40       	sbci	r25, 0x00	; 0
 94a:	e1 f7       	brne	.-8      	; 0x944 <__stack+0x45>
 94c:	00 c0       	rjmp	.+0      	; 0x94e <__stack+0x4f>
 94e:	00 00       	nop
 950:	6a e6       	ldi	r22, 0x6A	; 106
 952:	71 e0       	ldi	r23, 0x01	; 1
 954:	ce 01       	movw	r24, r28
 956:	0e 94 0a 02 	call	0x414	; 0x414 <abrirCofre>
 95a:	90 e0       	ldi	r25, 0x00	; 0
 95c:	80 e0       	ldi	r24, 0x00	; 0
 95e:	08 95       	ret

00000960 <__divmodsi4>:
 960:	05 2e       	mov	r0, r21
 962:	97 fb       	bst	r25, 7
 964:	1e f4       	brtc	.+6      	; 0x96c <__divmodsi4+0xc>
 966:	00 94       	com	r0
 968:	0e 94 c7 04 	call	0x98e	; 0x98e <__negsi2>
 96c:	57 fd       	sbrc	r21, 7
 96e:	07 d0       	rcall	.+14     	; 0x97e <__divmodsi4_neg2>
 970:	0e 94 d5 04 	call	0x9aa	; 0x9aa <__udivmodsi4>
 974:	07 fc       	sbrc	r0, 7
 976:	03 d0       	rcall	.+6      	; 0x97e <__divmodsi4_neg2>
 978:	4e f4       	brtc	.+18     	; 0x98c <__divmodsi4_exit>
 97a:	0c 94 c7 04 	jmp	0x98e	; 0x98e <__negsi2>

0000097e <__divmodsi4_neg2>:
 97e:	50 95       	com	r21
 980:	40 95       	com	r20
 982:	30 95       	com	r19
 984:	21 95       	neg	r18
 986:	3f 4f       	sbci	r19, 0xFF	; 255
 988:	4f 4f       	sbci	r20, 0xFF	; 255
 98a:	5f 4f       	sbci	r21, 0xFF	; 255

0000098c <__divmodsi4_exit>:
 98c:	08 95       	ret

0000098e <__negsi2>:
 98e:	90 95       	com	r25
 990:	80 95       	com	r24
 992:	70 95       	com	r23
 994:	61 95       	neg	r22
 996:	7f 4f       	sbci	r23, 0xFF	; 255
 998:	8f 4f       	sbci	r24, 0xFF	; 255
 99a:	9f 4f       	sbci	r25, 0xFF	; 255
 99c:	08 95       	ret

0000099e <__tablejump2__>:
 99e:	ee 0f       	add	r30, r30
 9a0:	ff 1f       	adc	r31, r31
 9a2:	05 90       	lpm	r0, Z+
 9a4:	f4 91       	lpm	r31, Z
 9a6:	e0 2d       	mov	r30, r0
 9a8:	09 94       	ijmp

000009aa <__udivmodsi4>:
 9aa:	a1 e2       	ldi	r26, 0x21	; 33
 9ac:	1a 2e       	mov	r1, r26
 9ae:	aa 1b       	sub	r26, r26
 9b0:	bb 1b       	sub	r27, r27
 9b2:	fd 01       	movw	r30, r26
 9b4:	0d c0       	rjmp	.+26     	; 0x9d0 <__udivmodsi4_ep>

000009b6 <__udivmodsi4_loop>:
 9b6:	aa 1f       	adc	r26, r26
 9b8:	bb 1f       	adc	r27, r27
 9ba:	ee 1f       	adc	r30, r30
 9bc:	ff 1f       	adc	r31, r31
 9be:	a2 17       	cp	r26, r18
 9c0:	b3 07       	cpc	r27, r19
 9c2:	e4 07       	cpc	r30, r20
 9c4:	f5 07       	cpc	r31, r21
 9c6:	20 f0       	brcs	.+8      	; 0x9d0 <__udivmodsi4_ep>
 9c8:	a2 1b       	sub	r26, r18
 9ca:	b3 0b       	sbc	r27, r19
 9cc:	e4 0b       	sbc	r30, r20
 9ce:	f5 0b       	sbc	r31, r21

000009d0 <__udivmodsi4_ep>:
 9d0:	66 1f       	adc	r22, r22
 9d2:	77 1f       	adc	r23, r23
 9d4:	88 1f       	adc	r24, r24
 9d6:	99 1f       	adc	r25, r25
 9d8:	1a 94       	dec	r1
 9da:	69 f7       	brne	.-38     	; 0x9b6 <__udivmodsi4_loop>
 9dc:	60 95       	com	r22
 9de:	70 95       	com	r23
 9e0:	80 95       	com	r24
 9e2:	90 95       	com	r25
 9e4:	9b 01       	movw	r18, r22
 9e6:	ac 01       	movw	r20, r24
 9e8:	bd 01       	movw	r22, r26
 9ea:	cf 01       	movw	r24, r30
 9ec:	08 95       	ret

000009ee <__subsf3>:
 9ee:	50 58       	subi	r21, 0x80	; 128

000009f0 <__addsf3>:
 9f0:	bb 27       	eor	r27, r27
 9f2:	aa 27       	eor	r26, r26
 9f4:	0e 94 0f 05 	call	0xa1e	; 0xa1e <__addsf3x>
 9f8:	0c 94 e7 05 	jmp	0xbce	; 0xbce <__fp_round>
 9fc:	0e 94 d9 05 	call	0xbb2	; 0xbb2 <__fp_pscA>
 a00:	38 f0       	brcs	.+14     	; 0xa10 <__addsf3+0x20>
 a02:	0e 94 e0 05 	call	0xbc0	; 0xbc0 <__fp_pscB>
 a06:	20 f0       	brcs	.+8      	; 0xa10 <__addsf3+0x20>
 a08:	39 f4       	brne	.+14     	; 0xa18 <__addsf3+0x28>
 a0a:	9f 3f       	cpi	r25, 0xFF	; 255
 a0c:	19 f4       	brne	.+6      	; 0xa14 <__addsf3+0x24>
 a0e:	26 f4       	brtc	.+8      	; 0xa18 <__addsf3+0x28>
 a10:	0c 94 d6 05 	jmp	0xbac	; 0xbac <__fp_nan>
 a14:	0e f4       	brtc	.+2      	; 0xa18 <__addsf3+0x28>
 a16:	e0 95       	com	r30
 a18:	e7 fb       	bst	r30, 7
 a1a:	0c 94 d0 05 	jmp	0xba0	; 0xba0 <__fp_inf>

00000a1e <__addsf3x>:
 a1e:	e9 2f       	mov	r30, r25
 a20:	0e 94 f8 05 	call	0xbf0	; 0xbf0 <__fp_split3>
 a24:	58 f3       	brcs	.-42     	; 0x9fc <__addsf3+0xc>
 a26:	ba 17       	cp	r27, r26
 a28:	62 07       	cpc	r22, r18
 a2a:	73 07       	cpc	r23, r19
 a2c:	84 07       	cpc	r24, r20
 a2e:	95 07       	cpc	r25, r21
 a30:	20 f0       	brcs	.+8      	; 0xa3a <__addsf3x+0x1c>
 a32:	79 f4       	brne	.+30     	; 0xa52 <__addsf3x+0x34>
 a34:	a6 f5       	brtc	.+104    	; 0xa9e <__addsf3x+0x80>
 a36:	0c 94 1a 06 	jmp	0xc34	; 0xc34 <__fp_zero>
 a3a:	0e f4       	brtc	.+2      	; 0xa3e <__addsf3x+0x20>
 a3c:	e0 95       	com	r30
 a3e:	0b 2e       	mov	r0, r27
 a40:	ba 2f       	mov	r27, r26
 a42:	a0 2d       	mov	r26, r0
 a44:	0b 01       	movw	r0, r22
 a46:	b9 01       	movw	r22, r18
 a48:	90 01       	movw	r18, r0
 a4a:	0c 01       	movw	r0, r24
 a4c:	ca 01       	movw	r24, r20
 a4e:	a0 01       	movw	r20, r0
 a50:	11 24       	eor	r1, r1
 a52:	ff 27       	eor	r31, r31
 a54:	59 1b       	sub	r21, r25
 a56:	99 f0       	breq	.+38     	; 0xa7e <__addsf3x+0x60>
 a58:	59 3f       	cpi	r21, 0xF9	; 249
 a5a:	50 f4       	brcc	.+20     	; 0xa70 <__addsf3x+0x52>
 a5c:	50 3e       	cpi	r21, 0xE0	; 224
 a5e:	68 f1       	brcs	.+90     	; 0xaba <__addsf3x+0x9c>
 a60:	1a 16       	cp	r1, r26
 a62:	f0 40       	sbci	r31, 0x00	; 0
 a64:	a2 2f       	mov	r26, r18
 a66:	23 2f       	mov	r18, r19
 a68:	34 2f       	mov	r19, r20
 a6a:	44 27       	eor	r20, r20
 a6c:	58 5f       	subi	r21, 0xF8	; 248
 a6e:	f3 cf       	rjmp	.-26     	; 0xa56 <__addsf3x+0x38>
 a70:	46 95       	lsr	r20
 a72:	37 95       	ror	r19
 a74:	27 95       	ror	r18
 a76:	a7 95       	ror	r26
 a78:	f0 40       	sbci	r31, 0x00	; 0
 a7a:	53 95       	inc	r21
 a7c:	c9 f7       	brne	.-14     	; 0xa70 <__addsf3x+0x52>
 a7e:	7e f4       	brtc	.+30     	; 0xa9e <__addsf3x+0x80>
 a80:	1f 16       	cp	r1, r31
 a82:	ba 0b       	sbc	r27, r26
 a84:	62 0b       	sbc	r22, r18
 a86:	73 0b       	sbc	r23, r19
 a88:	84 0b       	sbc	r24, r20
 a8a:	ba f0       	brmi	.+46     	; 0xaba <__addsf3x+0x9c>
 a8c:	91 50       	subi	r25, 0x01	; 1
 a8e:	a1 f0       	breq	.+40     	; 0xab8 <__addsf3x+0x9a>
 a90:	ff 0f       	add	r31, r31
 a92:	bb 1f       	adc	r27, r27
 a94:	66 1f       	adc	r22, r22
 a96:	77 1f       	adc	r23, r23
 a98:	88 1f       	adc	r24, r24
 a9a:	c2 f7       	brpl	.-16     	; 0xa8c <__addsf3x+0x6e>
 a9c:	0e c0       	rjmp	.+28     	; 0xaba <__addsf3x+0x9c>
 a9e:	ba 0f       	add	r27, r26
 aa0:	62 1f       	adc	r22, r18
 aa2:	73 1f       	adc	r23, r19
 aa4:	84 1f       	adc	r24, r20
 aa6:	48 f4       	brcc	.+18     	; 0xaba <__addsf3x+0x9c>
 aa8:	87 95       	ror	r24
 aaa:	77 95       	ror	r23
 aac:	67 95       	ror	r22
 aae:	b7 95       	ror	r27
 ab0:	f7 95       	ror	r31
 ab2:	9e 3f       	cpi	r25, 0xFE	; 254
 ab4:	08 f0       	brcs	.+2      	; 0xab8 <__addsf3x+0x9a>
 ab6:	b0 cf       	rjmp	.-160    	; 0xa18 <__addsf3+0x28>
 ab8:	93 95       	inc	r25
 aba:	88 0f       	add	r24, r24
 abc:	08 f0       	brcs	.+2      	; 0xac0 <__addsf3x+0xa2>
 abe:	99 27       	eor	r25, r25
 ac0:	ee 0f       	add	r30, r30
 ac2:	97 95       	ror	r25
 ac4:	87 95       	ror	r24
 ac6:	08 95       	ret

00000ac8 <__fixunssfsi>:
 ac8:	0e 94 00 06 	call	0xc00	; 0xc00 <__fp_splitA>
 acc:	88 f0       	brcs	.+34     	; 0xaf0 <__fixunssfsi+0x28>
 ace:	9f 57       	subi	r25, 0x7F	; 127
 ad0:	98 f0       	brcs	.+38     	; 0xaf8 <__fixunssfsi+0x30>
 ad2:	b9 2f       	mov	r27, r25
 ad4:	99 27       	eor	r25, r25
 ad6:	b7 51       	subi	r27, 0x17	; 23
 ad8:	b0 f0       	brcs	.+44     	; 0xb06 <__fixunssfsi+0x3e>
 ada:	e1 f0       	breq	.+56     	; 0xb14 <__fixunssfsi+0x4c>
 adc:	66 0f       	add	r22, r22
 ade:	77 1f       	adc	r23, r23
 ae0:	88 1f       	adc	r24, r24
 ae2:	99 1f       	adc	r25, r25
 ae4:	1a f0       	brmi	.+6      	; 0xaec <__fixunssfsi+0x24>
 ae6:	ba 95       	dec	r27
 ae8:	c9 f7       	brne	.-14     	; 0xadc <__fixunssfsi+0x14>
 aea:	14 c0       	rjmp	.+40     	; 0xb14 <__fixunssfsi+0x4c>
 aec:	b1 30       	cpi	r27, 0x01	; 1
 aee:	91 f0       	breq	.+36     	; 0xb14 <__fixunssfsi+0x4c>
 af0:	0e 94 1a 06 	call	0xc34	; 0xc34 <__fp_zero>
 af4:	b1 e0       	ldi	r27, 0x01	; 1
 af6:	08 95       	ret
 af8:	0c 94 1a 06 	jmp	0xc34	; 0xc34 <__fp_zero>
 afc:	67 2f       	mov	r22, r23
 afe:	78 2f       	mov	r23, r24
 b00:	88 27       	eor	r24, r24
 b02:	b8 5f       	subi	r27, 0xF8	; 248
 b04:	39 f0       	breq	.+14     	; 0xb14 <__fixunssfsi+0x4c>
 b06:	b9 3f       	cpi	r27, 0xF9	; 249
 b08:	cc f3       	brlt	.-14     	; 0xafc <__fixunssfsi+0x34>
 b0a:	86 95       	lsr	r24
 b0c:	77 95       	ror	r23
 b0e:	67 95       	ror	r22
 b10:	b3 95       	inc	r27
 b12:	d9 f7       	brne	.-10     	; 0xb0a <__fixunssfsi+0x42>
 b14:	3e f4       	brtc	.+14     	; 0xb24 <__fixunssfsi+0x5c>
 b16:	90 95       	com	r25
 b18:	80 95       	com	r24
 b1a:	70 95       	com	r23
 b1c:	61 95       	neg	r22
 b1e:	7f 4f       	sbci	r23, 0xFF	; 255
 b20:	8f 4f       	sbci	r24, 0xFF	; 255
 b22:	9f 4f       	sbci	r25, 0xFF	; 255
 b24:	08 95       	ret

00000b26 <__floatunsisf>:
 b26:	e8 94       	clt
 b28:	09 c0       	rjmp	.+18     	; 0xb3c <__floatsisf+0x12>

00000b2a <__floatsisf>:
 b2a:	97 fb       	bst	r25, 7
 b2c:	3e f4       	brtc	.+14     	; 0xb3c <__floatsisf+0x12>
 b2e:	90 95       	com	r25
 b30:	80 95       	com	r24
 b32:	70 95       	com	r23
 b34:	61 95       	neg	r22
 b36:	7f 4f       	sbci	r23, 0xFF	; 255
 b38:	8f 4f       	sbci	r24, 0xFF	; 255
 b3a:	9f 4f       	sbci	r25, 0xFF	; 255
 b3c:	99 23       	and	r25, r25
 b3e:	a9 f0       	breq	.+42     	; 0xb6a <__floatsisf+0x40>
 b40:	f9 2f       	mov	r31, r25
 b42:	96 e9       	ldi	r25, 0x96	; 150
 b44:	bb 27       	eor	r27, r27
 b46:	93 95       	inc	r25
 b48:	f6 95       	lsr	r31
 b4a:	87 95       	ror	r24
 b4c:	77 95       	ror	r23
 b4e:	67 95       	ror	r22
 b50:	b7 95       	ror	r27
 b52:	f1 11       	cpse	r31, r1
 b54:	f8 cf       	rjmp	.-16     	; 0xb46 <__floatsisf+0x1c>
 b56:	fa f4       	brpl	.+62     	; 0xb96 <__floatsisf+0x6c>
 b58:	bb 0f       	add	r27, r27
 b5a:	11 f4       	brne	.+4      	; 0xb60 <__floatsisf+0x36>
 b5c:	60 ff       	sbrs	r22, 0
 b5e:	1b c0       	rjmp	.+54     	; 0xb96 <__floatsisf+0x6c>
 b60:	6f 5f       	subi	r22, 0xFF	; 255
 b62:	7f 4f       	sbci	r23, 0xFF	; 255
 b64:	8f 4f       	sbci	r24, 0xFF	; 255
 b66:	9f 4f       	sbci	r25, 0xFF	; 255
 b68:	16 c0       	rjmp	.+44     	; 0xb96 <__floatsisf+0x6c>
 b6a:	88 23       	and	r24, r24
 b6c:	11 f0       	breq	.+4      	; 0xb72 <__floatsisf+0x48>
 b6e:	96 e9       	ldi	r25, 0x96	; 150
 b70:	11 c0       	rjmp	.+34     	; 0xb94 <__floatsisf+0x6a>
 b72:	77 23       	and	r23, r23
 b74:	21 f0       	breq	.+8      	; 0xb7e <__floatsisf+0x54>
 b76:	9e e8       	ldi	r25, 0x8E	; 142
 b78:	87 2f       	mov	r24, r23
 b7a:	76 2f       	mov	r23, r22
 b7c:	05 c0       	rjmp	.+10     	; 0xb88 <__floatsisf+0x5e>
 b7e:	66 23       	and	r22, r22
 b80:	71 f0       	breq	.+28     	; 0xb9e <__floatsisf+0x74>
 b82:	96 e8       	ldi	r25, 0x86	; 134
 b84:	86 2f       	mov	r24, r22
 b86:	70 e0       	ldi	r23, 0x00	; 0
 b88:	60 e0       	ldi	r22, 0x00	; 0
 b8a:	2a f0       	brmi	.+10     	; 0xb96 <__floatsisf+0x6c>
 b8c:	9a 95       	dec	r25
 b8e:	66 0f       	add	r22, r22
 b90:	77 1f       	adc	r23, r23
 b92:	88 1f       	adc	r24, r24
 b94:	da f7       	brpl	.-10     	; 0xb8c <__floatsisf+0x62>
 b96:	88 0f       	add	r24, r24
 b98:	96 95       	lsr	r25
 b9a:	87 95       	ror	r24
 b9c:	97 f9       	bld	r25, 7
 b9e:	08 95       	ret

00000ba0 <__fp_inf>:
 ba0:	97 f9       	bld	r25, 7
 ba2:	9f 67       	ori	r25, 0x7F	; 127
 ba4:	80 e8       	ldi	r24, 0x80	; 128
 ba6:	70 e0       	ldi	r23, 0x00	; 0
 ba8:	60 e0       	ldi	r22, 0x00	; 0
 baa:	08 95       	ret

00000bac <__fp_nan>:
 bac:	9f ef       	ldi	r25, 0xFF	; 255
 bae:	80 ec       	ldi	r24, 0xC0	; 192
 bb0:	08 95       	ret

00000bb2 <__fp_pscA>:
 bb2:	00 24       	eor	r0, r0
 bb4:	0a 94       	dec	r0
 bb6:	16 16       	cp	r1, r22
 bb8:	17 06       	cpc	r1, r23
 bba:	18 06       	cpc	r1, r24
 bbc:	09 06       	cpc	r0, r25
 bbe:	08 95       	ret

00000bc0 <__fp_pscB>:
 bc0:	00 24       	eor	r0, r0
 bc2:	0a 94       	dec	r0
 bc4:	12 16       	cp	r1, r18
 bc6:	13 06       	cpc	r1, r19
 bc8:	14 06       	cpc	r1, r20
 bca:	05 06       	cpc	r0, r21
 bcc:	08 95       	ret

00000bce <__fp_round>:
 bce:	09 2e       	mov	r0, r25
 bd0:	03 94       	inc	r0
 bd2:	00 0c       	add	r0, r0
 bd4:	11 f4       	brne	.+4      	; 0xbda <__fp_round+0xc>
 bd6:	88 23       	and	r24, r24
 bd8:	52 f0       	brmi	.+20     	; 0xbee <__fp_round+0x20>
 bda:	bb 0f       	add	r27, r27
 bdc:	40 f4       	brcc	.+16     	; 0xbee <__fp_round+0x20>
 bde:	bf 2b       	or	r27, r31
 be0:	11 f4       	brne	.+4      	; 0xbe6 <__fp_round+0x18>
 be2:	60 ff       	sbrs	r22, 0
 be4:	04 c0       	rjmp	.+8      	; 0xbee <__fp_round+0x20>
 be6:	6f 5f       	subi	r22, 0xFF	; 255
 be8:	7f 4f       	sbci	r23, 0xFF	; 255
 bea:	8f 4f       	sbci	r24, 0xFF	; 255
 bec:	9f 4f       	sbci	r25, 0xFF	; 255
 bee:	08 95       	ret

00000bf0 <__fp_split3>:
 bf0:	57 fd       	sbrc	r21, 7
 bf2:	90 58       	subi	r25, 0x80	; 128
 bf4:	44 0f       	add	r20, r20
 bf6:	55 1f       	adc	r21, r21
 bf8:	59 f0       	breq	.+22     	; 0xc10 <__fp_splitA+0x10>
 bfa:	5f 3f       	cpi	r21, 0xFF	; 255
 bfc:	71 f0       	breq	.+28     	; 0xc1a <__fp_splitA+0x1a>
 bfe:	47 95       	ror	r20

00000c00 <__fp_splitA>:
 c00:	88 0f       	add	r24, r24
 c02:	97 fb       	bst	r25, 7
 c04:	99 1f       	adc	r25, r25
 c06:	61 f0       	breq	.+24     	; 0xc20 <__fp_splitA+0x20>
 c08:	9f 3f       	cpi	r25, 0xFF	; 255
 c0a:	79 f0       	breq	.+30     	; 0xc2a <__fp_splitA+0x2a>
 c0c:	87 95       	ror	r24
 c0e:	08 95       	ret
 c10:	12 16       	cp	r1, r18
 c12:	13 06       	cpc	r1, r19
 c14:	14 06       	cpc	r1, r20
 c16:	55 1f       	adc	r21, r21
 c18:	f2 cf       	rjmp	.-28     	; 0xbfe <__fp_split3+0xe>
 c1a:	46 95       	lsr	r20
 c1c:	f1 df       	rcall	.-30     	; 0xc00 <__fp_splitA>
 c1e:	08 c0       	rjmp	.+16     	; 0xc30 <__fp_splitA+0x30>
 c20:	16 16       	cp	r1, r22
 c22:	17 06       	cpc	r1, r23
 c24:	18 06       	cpc	r1, r24
 c26:	99 1f       	adc	r25, r25
 c28:	f1 cf       	rjmp	.-30     	; 0xc0c <__fp_splitA+0xc>
 c2a:	86 95       	lsr	r24
 c2c:	71 05       	cpc	r23, r1
 c2e:	61 05       	cpc	r22, r1
 c30:	08 94       	sec
 c32:	08 95       	ret

00000c34 <__fp_zero>:
 c34:	e8 94       	clt

00000c36 <__fp_szero>:
 c36:	bb 27       	eor	r27, r27
 c38:	66 27       	eor	r22, r22
 c3a:	77 27       	eor	r23, r23
 c3c:	cb 01       	movw	r24, r22
 c3e:	97 f9       	bld	r25, 7
 c40:	08 95       	ret

00000c42 <__mulsf3>:
 c42:	0e 94 34 06 	call	0xc68	; 0xc68 <__mulsf3x>
 c46:	0c 94 e7 05 	jmp	0xbce	; 0xbce <__fp_round>
 c4a:	0e 94 d9 05 	call	0xbb2	; 0xbb2 <__fp_pscA>
 c4e:	38 f0       	brcs	.+14     	; 0xc5e <__mulsf3+0x1c>
 c50:	0e 94 e0 05 	call	0xbc0	; 0xbc0 <__fp_pscB>
 c54:	20 f0       	brcs	.+8      	; 0xc5e <__mulsf3+0x1c>
 c56:	95 23       	and	r25, r21
 c58:	11 f0       	breq	.+4      	; 0xc5e <__mulsf3+0x1c>
 c5a:	0c 94 d0 05 	jmp	0xba0	; 0xba0 <__fp_inf>
 c5e:	0c 94 d6 05 	jmp	0xbac	; 0xbac <__fp_nan>
 c62:	11 24       	eor	r1, r1
 c64:	0c 94 1b 06 	jmp	0xc36	; 0xc36 <__fp_szero>

00000c68 <__mulsf3x>:
 c68:	0e 94 f8 05 	call	0xbf0	; 0xbf0 <__fp_split3>
 c6c:	70 f3       	brcs	.-36     	; 0xc4a <__mulsf3+0x8>

00000c6e <__mulsf3_pse>:
 c6e:	95 9f       	mul	r25, r21
 c70:	c1 f3       	breq	.-16     	; 0xc62 <__mulsf3+0x20>
 c72:	95 0f       	add	r25, r21
 c74:	50 e0       	ldi	r21, 0x00	; 0
 c76:	55 1f       	adc	r21, r21
 c78:	62 9f       	mul	r22, r18
 c7a:	f0 01       	movw	r30, r0
 c7c:	72 9f       	mul	r23, r18
 c7e:	bb 27       	eor	r27, r27
 c80:	f0 0d       	add	r31, r0
 c82:	b1 1d       	adc	r27, r1
 c84:	63 9f       	mul	r22, r19
 c86:	aa 27       	eor	r26, r26
 c88:	f0 0d       	add	r31, r0
 c8a:	b1 1d       	adc	r27, r1
 c8c:	aa 1f       	adc	r26, r26
 c8e:	64 9f       	mul	r22, r20
 c90:	66 27       	eor	r22, r22
 c92:	b0 0d       	add	r27, r0
 c94:	a1 1d       	adc	r26, r1
 c96:	66 1f       	adc	r22, r22
 c98:	82 9f       	mul	r24, r18
 c9a:	22 27       	eor	r18, r18
 c9c:	b0 0d       	add	r27, r0
 c9e:	a1 1d       	adc	r26, r1
 ca0:	62 1f       	adc	r22, r18
 ca2:	73 9f       	mul	r23, r19
 ca4:	b0 0d       	add	r27, r0
 ca6:	a1 1d       	adc	r26, r1
 ca8:	62 1f       	adc	r22, r18
 caa:	83 9f       	mul	r24, r19
 cac:	a0 0d       	add	r26, r0
 cae:	61 1d       	adc	r22, r1
 cb0:	22 1f       	adc	r18, r18
 cb2:	74 9f       	mul	r23, r20
 cb4:	33 27       	eor	r19, r19
 cb6:	a0 0d       	add	r26, r0
 cb8:	61 1d       	adc	r22, r1
 cba:	23 1f       	adc	r18, r19
 cbc:	84 9f       	mul	r24, r20
 cbe:	60 0d       	add	r22, r0
 cc0:	21 1d       	adc	r18, r1
 cc2:	82 2f       	mov	r24, r18
 cc4:	76 2f       	mov	r23, r22
 cc6:	6a 2f       	mov	r22, r26
 cc8:	11 24       	eor	r1, r1
 cca:	9f 57       	subi	r25, 0x7F	; 127
 ccc:	50 40       	sbci	r21, 0x00	; 0
 cce:	9a f0       	brmi	.+38     	; 0xcf6 <__mulsf3_pse+0x88>
 cd0:	f1 f0       	breq	.+60     	; 0xd0e <__mulsf3_pse+0xa0>
 cd2:	88 23       	and	r24, r24
 cd4:	4a f0       	brmi	.+18     	; 0xce8 <__mulsf3_pse+0x7a>
 cd6:	ee 0f       	add	r30, r30
 cd8:	ff 1f       	adc	r31, r31
 cda:	bb 1f       	adc	r27, r27
 cdc:	66 1f       	adc	r22, r22
 cde:	77 1f       	adc	r23, r23
 ce0:	88 1f       	adc	r24, r24
 ce2:	91 50       	subi	r25, 0x01	; 1
 ce4:	50 40       	sbci	r21, 0x00	; 0
 ce6:	a9 f7       	brne	.-22     	; 0xcd2 <__mulsf3_pse+0x64>
 ce8:	9e 3f       	cpi	r25, 0xFE	; 254
 cea:	51 05       	cpc	r21, r1
 cec:	80 f0       	brcs	.+32     	; 0xd0e <__mulsf3_pse+0xa0>
 cee:	0c 94 d0 05 	jmp	0xba0	; 0xba0 <__fp_inf>
 cf2:	0c 94 1b 06 	jmp	0xc36	; 0xc36 <__fp_szero>
 cf6:	5f 3f       	cpi	r21, 0xFF	; 255
 cf8:	e4 f3       	brlt	.-8      	; 0xcf2 <__mulsf3_pse+0x84>
 cfa:	98 3e       	cpi	r25, 0xE8	; 232
 cfc:	d4 f3       	brlt	.-12     	; 0xcf2 <__mulsf3_pse+0x84>
 cfe:	86 95       	lsr	r24
 d00:	77 95       	ror	r23
 d02:	67 95       	ror	r22
 d04:	b7 95       	ror	r27
 d06:	f7 95       	ror	r31
 d08:	e7 95       	ror	r30
 d0a:	9f 5f       	subi	r25, 0xFF	; 255
 d0c:	c1 f7       	brne	.-16     	; 0xcfe <__mulsf3_pse+0x90>
 d0e:	fe 2b       	or	r31, r30
 d10:	88 0f       	add	r24, r24
 d12:	91 1d       	adc	r25, r1
 d14:	96 95       	lsr	r25
 d16:	87 95       	ror	r24
 d18:	97 f9       	bld	r25, 7
 d1a:	08 95       	ret

00000d1c <_exit>:
 d1c:	f8 94       	cli

00000d1e <__stop_program>:
 d1e:	ff cf       	rjmp	.-2      	; 0xd1e <__stop_program>
 d20:	d2 00       	.word	0x00d2	; ????
 d22:	d6 00       	.word	0x00d6	; ????
 d24:	d9 00       	.word	0x00d9	; ????
 d26:	dc 00       	.word	0x00dc	; ????
 d28:	df 00       	.word	0x00df	; ????
 d2a:	e2 00       	.word	0x00e2	; ????
 d2c:	e5 00       	.word	0x00e5	; ????
 d2e:	e8 00       	.word	0x00e8	; ????
 d30:	eb 00       	.word	0x00eb	; ????
